Parallel Cache Sweep Started: Tuesday 03 February 2026 11:07:35 PM IST
L1I and L1D vary together (same size, same associativity)
CPU Cores: 28, Using: 20 parallel jobs
=====================================
Total configurations: 81
Total runs (simple + chunked): 162
Parallel jobs: 20

Starting parallel execution with 20 jobs...

GNU Parallel not found, using background jobs...
[Job 6/162] Started: chunked - L132KiB_L1A4_L2256KiB_L2A16 at Tuesday 03 February 2026 11:07:35 PM IST
[Job 1/162] Started: simple - L132KiB_L1A4_L2256KiB_L2A4 at Tuesday 03 February 2026 11:07:35 PM IST
[Job 2/162] Started: chunked - L132KiB_L1A4_L2256KiB_L2A4 at Tuesday 03 February 2026 11:07:35 PM IST
[Job 4/162] Started: chunked - L132KiB_L1A4_L2256KiB_L2A8 at Tuesday 03 February 2026 11:07:35 PM IST
[Job 3/162] Started: simple - L132KiB_L1A4_L2256KiB_L2A8 at Tuesday 03 February 2026 11:07:35 PM IST
[Job 11/162] Started: simple - L132KiB_L1A4_L2512KiB_L2A16 at Tuesday 03 February 2026 11:07:35 PM IST
[Job 8/162] Started: chunked - L132KiB_L1A4_L2512KiB_L2A4 at Tuesday 03 February 2026 11:07:35 PM IST
[Job 12/162] Started: chunked - L132KiB_L1A4_L2512KiB_L2A16 at Tuesday 03 February 2026 11:07:35 PM IST
[Job 7/162] Started: simple - L132KiB_L1A4_L2512KiB_L2A4 at Tuesday 03 February 2026 11:07:35 PM IST
[Job 5/162] Started: simple - L132KiB_L1A4_L2256KiB_L2A16 at Tuesday 03 February 2026 11:07:35 PM IST
[Job 10/162] Started: chunked - L132KiB_L1A4_L2512KiB_L2A8 at Tuesday 03 February 2026 11:07:35 PM IST
[Job 9/162] Started: simple - L132KiB_L1A4_L2512KiB_L2A8 at Tuesday 03 February 2026 11:07:35 PM IST
[Job 15/162] Started: simple - L132KiB_L1A4_L21024KiB_L2A8 at Tuesday 03 February 2026 11:07:35 PM IST
[Job 16/162] Started: chunked - L132KiB_L1A4_L21024KiB_L2A8 at Tuesday 03 February 2026 11:07:35 PM IST
[Job 13/162] Started: simple - L132KiB_L1A4_L21024KiB_L2A4 at Tuesday 03 February 2026 11:07:35 PM IST
[Job 17/162] Started: simple - L132KiB_L1A4_L21024KiB_L2A16 at Tuesday 03 February 2026 11:07:35 PM IST
[Job 14/162] Started: chunked - L132KiB_L1A4_L21024KiB_L2A4 at Tuesday 03 February 2026 11:07:35 PM IST
[Job 18/162] Started: chunked - L132KiB_L1A4_L21024KiB_L2A16 at Tuesday 03 February 2026 11:07:35 PM IST
[Job 19/162] Started: simple - L132KiB_L1A8_L2256KiB_L2A4 at Tuesday 03 February 2026 11:07:35 PM IST
[Job 20/162] Started: chunked - L132KiB_L1A8_L2256KiB_L2A4 at Tuesday 03 February 2026 11:07:35 PM IST
[Job 19/162] SUCCESS: simple - L132KiB_L1A8_L2256KiB_L2A4 at Wednesday 04 February 2026 12:07:18 AM IST
[Job 21/162] Started: simple - L132KiB_L1A8_L2256KiB_L2A8 at Wednesday 04 February 2026 12:07:18 AM IST
[Job 17/162] SUCCESS: simple - L132KiB_L1A4_L21024KiB_L2A16 at Wednesday 04 February 2026 12:07:22 AM IST
[Job 22/162] Started: chunked - L132KiB_L1A8_L2256KiB_L2A8 at Wednesday 04 February 2026 12:07:22 AM IST
[Job 13/162] SUCCESS: simple - L132KiB_L1A4_L21024KiB_L2A4 at Wednesday 04 February 2026 12:11:03 AM IST
[Job 23/162] Started: simple - L132KiB_L1A8_L2256KiB_L2A16 at Wednesday 04 February 2026 12:11:03 AM IST
[Job 10/162] SUCCESS: chunked - L132KiB_L1A4_L2512KiB_L2A8 at Wednesday 04 February 2026 12:12:13 AM IST
[Job 24/162] Started: chunked - L132KiB_L1A8_L2256KiB_L2A16 at Wednesday 04 February 2026 12:12:13 AM IST
[Job 2/162] SUCCESS: chunked - L132KiB_L1A4_L2256KiB_L2A4 at Wednesday 04 February 2026 12:14:26 AM IST
[Job 25/162] Started: simple - L132KiB_L1A8_L2512KiB_L2A4 at Wednesday 04 February 2026 12:14:26 AM IST
[Job 7/162] SUCCESS: simple - L132KiB_L1A4_L2512KiB_L2A4 at Wednesday 04 February 2026 12:15:47 AM IST
[Job 26/162] Started: chunked - L132KiB_L1A8_L2512KiB_L2A4 at Wednesday 04 February 2026 12:15:47 AM IST
[Job 18/162] SUCCESS: chunked - L132KiB_L1A4_L21024KiB_L2A16 at Wednesday 04 February 2026 12:17:16 AM IST
[Job 27/162] Started: simple - L132KiB_L1A8_L2512KiB_L2A8 at Wednesday 04 February 2026 12:17:16 AM IST
[Job 20/162] SUCCESS: chunked - L132KiB_L1A8_L2256KiB_L2A4 at Wednesday 04 February 2026 12:18:43 AM IST
[Job 28/162] Started: chunked - L132KiB_L1A8_L2512KiB_L2A8 at Wednesday 04 February 2026 12:18:43 AM IST
[Job 15/162] SUCCESS: simple - L132KiB_L1A4_L21024KiB_L2A8 at Wednesday 04 February 2026 12:39:11 AM IST
[Job 29/162] Started: simple - L132KiB_L1A8_L2512KiB_L2A16 at Wednesday 04 February 2026 12:39:11 AM IST
[Job 12/162] SUCCESS: chunked - L132KiB_L1A4_L2512KiB_L2A16 at Wednesday 04 February 2026 12:39:36 AM IST
[Job 30/162] Started: chunked - L132KiB_L1A8_L2512KiB_L2A16 at Wednesday 04 February 2026 12:39:36 AM IST
[Job 8/162] SUCCESS: chunked - L132KiB_L1A4_L2512KiB_L2A4 at Wednesday 04 February 2026 12:48:34 AM IST
[Job 31/162] Started: simple - L132KiB_L1A8_L21024KiB_L2A4 at Wednesday 04 February 2026 12:48:34 AM IST
[Job 16/162] SUCCESS: chunked - L132KiB_L1A4_L21024KiB_L2A8 at Wednesday 04 February 2026 01:00:57 AM IST
[Job 32/162] Started: chunked - L132KiB_L1A8_L21024KiB_L2A4 at Wednesday 04 February 2026 01:00:57 AM IST
[Job 14/162] SUCCESS: chunked - L132KiB_L1A4_L21024KiB_L2A4 at Wednesday 04 February 2026 01:11:06 AM IST
[Job 33/162] Started: simple - L132KiB_L1A8_L21024KiB_L2A8 at Wednesday 04 February 2026 01:11:06 AM IST
[Job 25/162] SUCCESS: simple - L132KiB_L1A8_L2512KiB_L2A4 at Wednesday 04 February 2026 01:12:53 AM IST
[Job 34/162] Started: chunked - L132KiB_L1A8_L21024KiB_L2A8 at Wednesday 04 February 2026 01:12:53 AM IST
[Job 27/162] SUCCESS: simple - L132KiB_L1A8_L2512KiB_L2A8 at Wednesday 04 February 2026 01:15:47 AM IST
[Job 35/162] Started: simple - L132KiB_L1A8_L21024KiB_L2A16 at Wednesday 04 February 2026 01:15:47 AM IST
[Job 24/162] SUCCESS: chunked - L132KiB_L1A8_L2256KiB_L2A16 at Wednesday 04 February 2026 01:20:41 AM IST
[Job 36/162] Started: chunked - L132KiB_L1A8_L21024KiB_L2A16 at Wednesday 04 February 2026 01:20:41 AM IST
[Job 4/162] SUCCESS: chunked - L132KiB_L1A4_L2256KiB_L2A8 at Wednesday 04 February 2026 01:27:05 AM IST
[Job 37/162] Started: simple - L132KiB_L1A16_L2256KiB_L2A4 at Wednesday 04 February 2026 01:27:05 AM IST
[Job 5/162] SUCCESS: simple - L132KiB_L1A4_L2256KiB_L2A16 at Wednesday 04 February 2026 01:28:57 AM IST
[Job 38/162] Started: chunked - L132KiB_L1A16_L2256KiB_L2A4 at Wednesday 04 February 2026 01:28:57 AM IST
[Job 3/162] SUCCESS: simple - L132KiB_L1A4_L2256KiB_L2A8 at Wednesday 04 February 2026 01:30:07 AM IST
[Job 39/162] Started: simple - L132KiB_L1A16_L2256KiB_L2A8 at Wednesday 04 February 2026 01:30:07 AM IST
[Job 1/162] SUCCESS: simple - L132KiB_L1A4_L2256KiB_L2A4 at Wednesday 04 February 2026 01:30:23 AM IST
[Job 40/162] Started: chunked - L132KiB_L1A16_L2256KiB_L2A8 at Wednesday 04 February 2026 01:30:23 AM IST
[Job 9/162] SUCCESS: simple - L132KiB_L1A4_L2512KiB_L2A8 at Wednesday 04 February 2026 01:30:36 AM IST
[Job 41/162] Started: simple - L132KiB_L1A16_L2256KiB_L2A16 at Wednesday 04 February 2026 01:30:36 AM IST
[Job 11/162] SUCCESS: simple - L132KiB_L1A4_L2512KiB_L2A16 at Wednesday 04 February 2026 01:32:22 AM IST
[Job 42/162] Started: chunked - L132KiB_L1A16_L2256KiB_L2A16 at Wednesday 04 February 2026 01:32:22 AM IST
[Job 28/162] SUCCESS: chunked - L132KiB_L1A8_L2512KiB_L2A8 at Wednesday 04 February 2026 01:33:37 AM IST
[Job 43/162] Started: simple - L132KiB_L1A16_L2512KiB_L2A4 at Wednesday 04 February 2026 01:33:37 AM IST
[Job 29/162] SUCCESS: simple - L132KiB_L1A8_L2512KiB_L2A16 at Wednesday 04 February 2026 01:37:49 AM IST
[Job 44/162] Started: chunked - L132KiB_L1A16_L2512KiB_L2A4 at Wednesday 04 February 2026 01:37:49 AM IST
[Job 6/162] SUCCESS: chunked - L132KiB_L1A4_L2256KiB_L2A16 at Wednesday 04 February 2026 01:38:17 AM IST
[Job 45/162] Started: simple - L132KiB_L1A16_L2512KiB_L2A8 at Wednesday 04 February 2026 01:38:17 AM IST
[Job 21/162] SUCCESS: simple - L132KiB_L1A8_L2256KiB_L2A8 at Wednesday 04 February 2026 01:45:02 AM IST
[Job 46/162] Started: chunked - L132KiB_L1A16_L2512KiB_L2A8 at Wednesday 04 February 2026 01:45:02 AM IST
[Job 26/162] SUCCESS: chunked - L132KiB_L1A8_L2512KiB_L2A4 at Wednesday 04 February 2026 01:46:33 AM IST
[Job 47/162] Started: simple - L132KiB_L1A16_L2512KiB_L2A16 at Wednesday 04 February 2026 01:46:33 AM IST
[Job 31/162] SUCCESS: simple - L132KiB_L1A8_L21024KiB_L2A4 at Wednesday 04 February 2026 01:47:56 AM IST
[Job 48/162] Started: chunked - L132KiB_L1A16_L2512KiB_L2A16 at Wednesday 04 February 2026 01:47:56 AM IST
[Job 22/162] SUCCESS: chunked - L132KiB_L1A8_L2256KiB_L2A8 at Wednesday 04 February 2026 01:48:40 AM IST
[Job 49/162] Started: simple - L132KiB_L1A16_L21024KiB_L2A4 at Wednesday 04 February 2026 01:48:40 AM IST
[Job 35/162] SUCCESS: simple - L132KiB_L1A8_L21024KiB_L2A16 at Wednesday 04 February 2026 02:14:25 AM IST
[Job 50/162] Started: chunked - L132KiB_L1A16_L21024KiB_L2A4 at Wednesday 04 February 2026 02:14:25 AM IST
[Job 30/162] SUCCESS: chunked - L132KiB_L1A8_L2512KiB_L2A16 at Wednesday 04 February 2026 02:20:53 AM IST
[Job 51/162] Started: simple - L132KiB_L1A16_L21024KiB_L2A8 at Wednesday 04 February 2026 02:20:53 AM IST
[Job 37/162] SUCCESS: simple - L132KiB_L1A16_L2256KiB_L2A4 at Wednesday 04 February 2026 02:29:47 AM IST
[Job 52/162] Started: chunked - L132KiB_L1A16_L21024KiB_L2A8 at Wednesday 04 February 2026 02:29:47 AM IST
[Job 39/162] SUCCESS: simple - L132KiB_L1A16_L2256KiB_L2A8 at Wednesday 04 February 2026 02:30:42 AM IST
[Job 53/162] Started: simple - L132KiB_L1A16_L21024KiB_L2A16 at Wednesday 04 February 2026 02:30:42 AM IST
[Job 23/162] SUCCESS: simple - L132KiB_L1A8_L2256KiB_L2A16 at Wednesday 04 February 2026 02:31:13 AM IST
[Job 54/162] Started: chunked - L132KiB_L1A16_L21024KiB_L2A16 at Wednesday 04 February 2026 02:31:13 AM IST
[Job 43/162] SUCCESS: simple - L132KiB_L1A16_L2512KiB_L2A4 at Wednesday 04 February 2026 02:37:24 AM IST
[Job 55/162] Started: simple - L164KiB_L1A4_L2256KiB_L2A4 at Wednesday 04 February 2026 02:37:24 AM IST
[Job 45/162] SUCCESS: simple - L132KiB_L1A16_L2512KiB_L2A8 at Wednesday 04 February 2026 02:40:08 AM IST
[Job 56/162] Started: chunked - L164KiB_L1A4_L2256KiB_L2A4 at Wednesday 04 February 2026 02:40:08 AM IST
[Job 48/162] SUCCESS: chunked - L132KiB_L1A16_L2512KiB_L2A16 at Wednesday 04 February 2026 02:56:26 AM IST
[Job 57/162] Started: simple - L164KiB_L1A4_L2256KiB_L2A8 at Wednesday 04 February 2026 02:56:26 AM IST
[Job 42/162] SUCCESS: chunked - L132KiB_L1A16_L2256KiB_L2A16 at Wednesday 04 February 2026 03:02:29 AM IST
[Job 58/162] Started: chunked - L164KiB_L1A4_L2256KiB_L2A8 at Wednesday 04 February 2026 03:02:29 AM IST
[Job 41/162] SUCCESS: simple - L132KiB_L1A16_L2256KiB_L2A16 at Wednesday 04 February 2026 03:06:28 AM IST
[Job 59/162] Started: simple - L164KiB_L1A4_L2256KiB_L2A16 at Wednesday 04 February 2026 03:06:28 AM IST
[Job 32/162] SUCCESS: chunked - L132KiB_L1A8_L21024KiB_L2A4 at Wednesday 04 February 2026 03:08:45 AM IST
[Job 60/162] Started: chunked - L164KiB_L1A4_L2256KiB_L2A16 at Wednesday 04 February 2026 03:08:45 AM IST
[Job 33/162] SUCCESS: simple - L132KiB_L1A8_L21024KiB_L2A8 at Wednesday 04 February 2026 03:08:55 AM IST
[Job 61/162] Started: simple - L164KiB_L1A4_L2512KiB_L2A4 at Wednesday 04 February 2026 03:08:55 AM IST
[Job 50/162] SUCCESS: chunked - L132KiB_L1A16_L21024KiB_L2A4 at Wednesday 04 February 2026 03:18:30 AM IST
[Job 62/162] Started: chunked - L164KiB_L1A4_L2512KiB_L2A4 at Wednesday 04 February 2026 03:18:30 AM IST
[Job 36/162] SUCCESS: chunked - L132KiB_L1A8_L21024KiB_L2A16 at Wednesday 04 February 2026 03:19:51 AM IST
[Job 63/162] Started: simple - L164KiB_L1A4_L2512KiB_L2A8 at Wednesday 04 February 2026 03:19:51 AM IST
[Job 51/162] SUCCESS: simple - L132KiB_L1A16_L21024KiB_L2A8 at Wednesday 04 February 2026 03:22:42 AM IST
[Job 64/162] Started: chunked - L164KiB_L1A4_L2512KiB_L2A8 at Wednesday 04 February 2026 03:22:42 AM IST
[Job 34/162] SUCCESS: chunked - L132KiB_L1A8_L21024KiB_L2A8 at Wednesday 04 February 2026 03:24:35 AM IST
[Job 65/162] Started: simple - L164KiB_L1A4_L2512KiB_L2A16 at Wednesday 04 February 2026 03:24:35 AM IST
[Job 55/162] SUCCESS: simple - L164KiB_L1A4_L2256KiB_L2A4 at Wednesday 04 February 2026 03:34:28 AM IST
[Job 66/162] Started: chunked - L164KiB_L1A4_L2512KiB_L2A16 at Wednesday 04 February 2026 03:34:28 AM IST
[Job 49/162] SUCCESS: simple - L132KiB_L1A16_L21024KiB_L2A4 at Wednesday 04 February 2026 03:44:08 AM IST
[Job 67/162] Started: simple - L164KiB_L1A4_L21024KiB_L2A4 at Wednesday 04 February 2026 03:44:08 AM IST
[Job 38/162] SUCCESS: chunked - L132KiB_L1A16_L2256KiB_L2A4 at Wednesday 04 February 2026 03:44:46 AM IST
[Job 68/162] Started: chunked - L164KiB_L1A4_L21024KiB_L2A4 at Wednesday 04 February 2026 03:44:46 AM IST
[Job 54/162] SUCCESS: chunked - L132KiB_L1A16_L21024KiB_L2A16 at Wednesday 04 February 2026 03:45:22 AM IST
[Job 69/162] Started: simple - L164KiB_L1A4_L21024KiB_L2A8 at Wednesday 04 February 2026 03:45:22 AM IST
[Job 52/162] SUCCESS: chunked - L132KiB_L1A16_L21024KiB_L2A8 at Wednesday 04 February 2026 03:55:24 AM IST
[Job 70/162] Started: chunked - L164KiB_L1A4_L21024KiB_L2A8 at Wednesday 04 February 2026 03:55:24 AM IST
[Job 53/162] SUCCESS: simple - L132KiB_L1A16_L21024KiB_L2A16 at Wednesday 04 February 2026 04:00:09 AM IST
[Job 71/162] Started: simple - L164KiB_L1A4_L21024KiB_L2A16 at Wednesday 04 February 2026 04:00:09 AM IST
[Job 56/162] SUCCESS: chunked - L164KiB_L1A4_L2256KiB_L2A4 at Wednesday 04 February 2026 04:00:50 AM IST
[Job 72/162] Started: chunked - L164KiB_L1A4_L21024KiB_L2A16 at Wednesday 04 February 2026 04:00:50 AM IST
[Job 40/162] SUCCESS: chunked - L132KiB_L1A16_L2256KiB_L2A8 at Wednesday 04 February 2026 04:00:58 AM IST
[Job 73/162] Started: simple - L164KiB_L1A8_L2256KiB_L2A4 at Wednesday 04 February 2026 04:00:58 AM IST
[Job 44/162] SUCCESS: chunked - L132KiB_L1A16_L2512KiB_L2A4 at Wednesday 04 February 2026 04:02:54 AM IST
[Job 74/162] Started: chunked - L164KiB_L1A8_L2256KiB_L2A4 at Wednesday 04 February 2026 04:02:54 AM IST
[Job 47/162] SUCCESS: simple - L132KiB_L1A16_L2512KiB_L2A16 at Wednesday 04 February 2026 04:13:17 AM IST
[Job 75/162] Started: simple - L164KiB_L1A8_L2256KiB_L2A8 at Wednesday 04 February 2026 04:13:17 AM IST
[Job 63/162] SUCCESS: simple - L164KiB_L1A4_L2512KiB_L2A8 at Wednesday 04 February 2026 04:17:20 AM IST
[Job 76/162] Started: chunked - L164KiB_L1A8_L2256KiB_L2A8 at Wednesday 04 February 2026 04:17:20 AM IST
[Job 60/162] SUCCESS: chunked - L164KiB_L1A4_L2256KiB_L2A16 at Wednesday 04 February 2026 04:20:34 AM IST
[Job 77/162] Started: simple - L164KiB_L1A8_L2256KiB_L2A16 at Wednesday 04 February 2026 04:20:34 AM IST
[Job 62/162] SUCCESS: chunked - L164KiB_L1A4_L2512KiB_L2A4 at Wednesday 04 February 2026 04:20:44 AM IST
[Job 78/162] Started: chunked - L164KiB_L1A8_L2256KiB_L2A16 at Wednesday 04 February 2026 04:20:44 AM IST
[Job 65/162] SUCCESS: simple - L164KiB_L1A4_L2512KiB_L2A16 at Wednesday 04 February 2026 04:21:29 AM IST
[Job 79/162] Started: simple - L164KiB_L1A8_L2512KiB_L2A4 at Wednesday 04 February 2026 04:21:29 AM IST
[Job 46/162] SUCCESS: chunked - L132KiB_L1A16_L2512KiB_L2A8 at Wednesday 04 February 2026 04:22:46 AM IST
[Job 80/162] Started: chunked - L164KiB_L1A8_L2512KiB_L2A4 at Wednesday 04 February 2026 04:22:46 AM IST
[Job 61/162] SUCCESS: simple - L164KiB_L1A4_L2512KiB_L2A4 at Wednesday 04 February 2026 04:37:15 AM IST
[Job 81/162] Started: simple - L164KiB_L1A8_L2512KiB_L2A8 at Wednesday 04 February 2026 04:37:15 AM IST
[Job 69/162] SUCCESS: simple - L164KiB_L1A4_L21024KiB_L2A8 at Wednesday 04 February 2026 04:42:06 AM IST
[Job 82/162] Started: chunked - L164KiB_L1A8_L2512KiB_L2A8 at Wednesday 04 February 2026 04:42:06 AM IST
[Job 58/162] SUCCESS: chunked - L164KiB_L1A4_L2256KiB_L2A8 at Wednesday 04 February 2026 04:55:23 AM IST
[Job 83/162] Started: simple - L164KiB_L1A8_L2512KiB_L2A16 at Wednesday 04 February 2026 04:55:23 AM IST
[Job 74/162] SUCCESS: chunked - L164KiB_L1A8_L2256KiB_L2A4 at Wednesday 04 February 2026 05:07:25 AM IST
[Job 84/162] Started: chunked - L164KiB_L1A8_L2512KiB_L2A16 at Wednesday 04 February 2026 05:07:25 AM IST
[Job 57/162] SUCCESS: simple - L164KiB_L1A4_L2256KiB_L2A8 at Wednesday 04 February 2026 05:12:21 AM IST
[Job 85/162] Started: simple - L164KiB_L1A8_L21024KiB_L2A4 at Wednesday 04 February 2026 05:12:21 AM IST
[Job 68/162] SUCCESS: chunked - L164KiB_L1A4_L21024KiB_L2A4 at Wednesday 04 February 2026 05:12:26 AM IST
[Job 86/162] Started: chunked - L164KiB_L1A8_L21024KiB_L2A4 at Wednesday 04 February 2026 05:12:26 AM IST
[Job 72/162] SUCCESS: chunked - L164KiB_L1A4_L21024KiB_L2A16 at Wednesday 04 February 2026 05:19:23 AM IST
[Job 87/162] Started: simple - L164KiB_L1A8_L21024KiB_L2A8 at Wednesday 04 February 2026 05:19:23 AM IST
[Job 79/162] SUCCESS: simple - L164KiB_L1A8_L2512KiB_L2A4 at Wednesday 04 February 2026 05:19:24 AM IST
[Job 88/162] Started: chunked - L164KiB_L1A8_L21024KiB_L2A8 at Wednesday 04 February 2026 05:19:24 AM IST
[Job 64/162] SUCCESS: chunked - L164KiB_L1A4_L2512KiB_L2A8 at Wednesday 04 February 2026 05:22:07 AM IST
[Job 89/162] Started: simple - L164KiB_L1A8_L21024KiB_L2A16 at Wednesday 04 February 2026 05:22:07 AM IST
[Job 67/162] SUCCESS: simple - L164KiB_L1A4_L21024KiB_L2A4 at Wednesday 04 February 2026 05:24:13 AM IST
[Job 90/162] Started: chunked - L164KiB_L1A8_L21024KiB_L2A16 at Wednesday 04 February 2026 05:24:13 AM IST
[Job 59/162] SUCCESS: simple - L164KiB_L1A4_L2256KiB_L2A16 at Wednesday 04 February 2026 05:26:49 AM IST
[Job 91/162] Started: simple - L164KiB_L1A16_L2256KiB_L2A4 at Wednesday 04 February 2026 05:26:49 AM IST
[Job 80/162] SUCCESS: chunked - L164KiB_L1A8_L2512KiB_L2A4 at Wednesday 04 February 2026 05:30:35 AM IST
[Job 92/162] Started: chunked - L164KiB_L1A16_L2256KiB_L2A4 at Wednesday 04 February 2026 05:30:35 AM IST
[Job 70/162] SUCCESS: chunked - L164KiB_L1A4_L21024KiB_L2A8 at Wednesday 04 February 2026 05:30:46 AM IST
[Job 93/162] Started: simple - L164KiB_L1A16_L2256KiB_L2A8 at Wednesday 04 February 2026 05:30:46 AM IST
[Job 81/162] SUCCESS: simple - L164KiB_L1A8_L2512KiB_L2A8 at Wednesday 04 February 2026 05:37:20 AM IST
[Job 94/162] Started: chunked - L164KiB_L1A16_L2256KiB_L2A8 at Wednesday 04 February 2026 05:37:20 AM IST
[Job 66/162] SUCCESS: chunked - L164KiB_L1A4_L2512KiB_L2A16 at Wednesday 04 February 2026 05:38:47 AM IST
[Job 95/162] Started: simple - L164KiB_L1A16_L2256KiB_L2A16 at Wednesday 04 February 2026 05:38:47 AM IST
[Job 71/162] SUCCESS: simple - L164KiB_L1A4_L21024KiB_L2A16 at Wednesday 04 February 2026 05:42:29 AM IST
[Job 96/162] Started: chunked - L164KiB_L1A16_L2256KiB_L2A16 at Wednesday 04 February 2026 05:42:29 AM IST
[Job 82/162] SUCCESS: chunked - L164KiB_L1A8_L2512KiB_L2A8 at Wednesday 04 February 2026 05:45:45 AM IST
[Job 97/162] Started: simple - L164KiB_L1A16_L2512KiB_L2A4 at Wednesday 04 February 2026 05:45:45 AM IST
[Job 75/162] SUCCESS: simple - L164KiB_L1A8_L2256KiB_L2A8 at Wednesday 04 February 2026 05:59:47 AM IST
[Job 98/162] Started: chunked - L164KiB_L1A16_L2512KiB_L2A4 at Wednesday 04 February 2026 05:59:47 AM IST
[Job 73/162] SUCCESS: simple - L164KiB_L1A8_L2256KiB_L2A4 at Wednesday 04 February 2026 05:59:51 AM IST
[Job 99/162] Started: simple - L164KiB_L1A16_L2512KiB_L2A8 at Wednesday 04 February 2026 05:59:51 AM IST
[Job 76/162] SUCCESS: chunked - L164KiB_L1A8_L2256KiB_L2A8 at Wednesday 04 February 2026 06:00:12 AM IST
[Job 100/162] Started: chunked - L164KiB_L1A16_L2512KiB_L2A8 at Wednesday 04 February 2026 06:00:12 AM IST
[Job 77/162] SUCCESS: simple - L164KiB_L1A8_L2256KiB_L2A16 at Wednesday 04 February 2026 06:02:45 AM IST
[Job 101/162] Started: simple - L164KiB_L1A16_L2512KiB_L2A16 at Wednesday 04 February 2026 06:02:45 AM IST
[Job 86/162] SUCCESS: chunked - L164KiB_L1A8_L21024KiB_L2A4 at Wednesday 04 February 2026 06:16:58 AM IST
[Job 102/162] Started: chunked - L164KiB_L1A16_L2512KiB_L2A16 at Wednesday 04 February 2026 06:16:58 AM IST
[Job 78/162] SUCCESS: chunked - L164KiB_L1A8_L2256KiB_L2A16 at Wednesday 04 February 2026 06:20:06 AM IST
[Job 103/162] Started: simple - L164KiB_L1A16_L21024KiB_L2A4 at Wednesday 04 February 2026 06:20:06 AM IST
[Job 88/162] SUCCESS: chunked - L164KiB_L1A8_L21024KiB_L2A8 at Wednesday 04 February 2026 06:25:10 AM IST
[Job 104/162] Started: chunked - L164KiB_L1A16_L21024KiB_L2A4 at Wednesday 04 February 2026 06:25:10 AM IST
[Job 91/162] SUCCESS: simple - L164KiB_L1A16_L2256KiB_L2A4 at Wednesday 04 February 2026 06:28:25 AM IST
[Job 105/162] Started: simple - L164KiB_L1A16_L21024KiB_L2A8 at Wednesday 04 February 2026 06:28:25 AM IST
[Job 93/162] SUCCESS: simple - L164KiB_L1A16_L2256KiB_L2A8 at Wednesday 04 February 2026 06:30:15 AM IST
[Job 106/162] Started: chunked - L164KiB_L1A16_L21024KiB_L2A8 at Wednesday 04 February 2026 06:30:15 AM IST
[Job 96/162] SUCCESS: chunked - L164KiB_L1A16_L2256KiB_L2A16 at Wednesday 04 February 2026 06:51:24 AM IST
[Job 107/162] Started: simple - L164KiB_L1A16_L21024KiB_L2A16 at Wednesday 04 February 2026 06:51:24 AM IST
[Job 92/162] SUCCESS: chunked - L164KiB_L1A16_L2256KiB_L2A4 at Wednesday 04 February 2026 06:55:38 AM IST
[Job 108/162] Started: chunked - L164KiB_L1A16_L21024KiB_L2A16 at Wednesday 04 February 2026 06:55:38 AM IST
[Job 84/162] SUCCESS: chunked - L164KiB_L1A8_L2512KiB_L2A16 at Wednesday 04 February 2026 06:56:17 AM IST
[Job 109/162] Started: simple - L1128KiB_L1A4_L2256KiB_L2A4 at Wednesday 04 February 2026 06:56:17 AM IST
[Job 99/162] SUCCESS: simple - L164KiB_L1A16_L2512KiB_L2A8 at Wednesday 04 February 2026 07:03:20 AM IST
[Job 110/162] Started: chunked - L1128KiB_L1A4_L2256KiB_L2A4 at Wednesday 04 February 2026 07:03:20 AM IST
[Job 101/162] SUCCESS: simple - L164KiB_L1A16_L2512KiB_L2A16 at Wednesday 04 February 2026 07:03:55 AM IST
[Job 111/162] Started: simple - L1128KiB_L1A4_L2256KiB_L2A8 at Wednesday 04 February 2026 07:03:55 AM IST
[Job 94/162] SUCCESS: chunked - L164KiB_L1A16_L2256KiB_L2A8 at Wednesday 04 February 2026 07:06:56 AM IST
[Job 112/162] Started: chunked - L1128KiB_L1A4_L2256KiB_L2A8 at Wednesday 04 February 2026 07:06:56 AM IST
[Job 83/162] SUCCESS: simple - L164KiB_L1A8_L2512KiB_L2A16 at Wednesday 04 February 2026 07:08:28 AM IST
[Job 113/162] Started: simple - L1128KiB_L1A4_L2256KiB_L2A16 at Wednesday 04 February 2026 07:08:28 AM IST
[Job 100/162] SUCCESS: chunked - L164KiB_L1A16_L2512KiB_L2A8 at Wednesday 04 February 2026 07:11:09 AM IST
[Job 114/162] Started: chunked - L1128KiB_L1A4_L2256KiB_L2A16 at Wednesday 04 February 2026 07:11:09 AM IST
[Job 85/162] SUCCESS: simple - L164KiB_L1A8_L21024KiB_L2A4 at Wednesday 04 February 2026 07:19:34 AM IST
[Job 115/162] Started: simple - L1128KiB_L1A4_L2512KiB_L2A4 at Wednesday 04 February 2026 07:19:34 AM IST
[Job 102/162] SUCCESS: chunked - L164KiB_L1A16_L2512KiB_L2A16 at Wednesday 04 February 2026 07:24:14 AM IST
[Job 116/162] Started: chunked - L1128KiB_L1A4_L2512KiB_L2A4 at Wednesday 04 February 2026 07:24:14 AM IST
[Job 89/162] SUCCESS: simple - L164KiB_L1A8_L21024KiB_L2A16 at Wednesday 04 February 2026 07:34:11 AM IST
[Job 117/162] Started: simple - L1128KiB_L1A4_L2512KiB_L2A8 at Wednesday 04 February 2026 07:34:11 AM IST
[Job 87/162] SUCCESS: simple - L164KiB_L1A8_L21024KiB_L2A8 at Wednesday 04 February 2026 07:35:04 AM IST
[Job 118/162] Started: chunked - L1128KiB_L1A4_L2512KiB_L2A8 at Wednesday 04 February 2026 07:35:04 AM IST
[Job 106/162] SUCCESS: chunked - L164KiB_L1A16_L21024KiB_L2A8 at Wednesday 04 February 2026 07:36:30 AM IST
[Job 119/162] Started: simple - L1128KiB_L1A4_L2512KiB_L2A16 at Wednesday 04 February 2026 07:36:30 AM IST
[Job 90/162] SUCCESS: chunked - L164KiB_L1A8_L21024KiB_L2A16 at Wednesday 04 February 2026 07:42:16 AM IST
[Job 120/162] Started: chunked - L1128KiB_L1A4_L2512KiB_L2A16 at Wednesday 04 February 2026 07:42:16 AM IST
[Job 97/162] SUCCESS: simple - L164KiB_L1A16_L2512KiB_L2A4 at Wednesday 04 February 2026 07:52:30 AM IST
[Job 121/162] Started: simple - L1128KiB_L1A4_L21024KiB_L2A4 at Wednesday 04 February 2026 07:52:30 AM IST
[Job 95/162] SUCCESS: simple - L164KiB_L1A16_L2256KiB_L2A16 at Wednesday 04 February 2026 08:02:59 AM IST
[Job 122/162] Started: chunked - L1128KiB_L1A4_L21024KiB_L2A4 at Wednesday 04 February 2026 08:02:59 AM IST
[Job 110/162] SUCCESS: chunked - L1128KiB_L1A4_L2256KiB_L2A4 at Wednesday 04 February 2026 08:05:45 AM IST
[Job 123/162] Started: simple - L1128KiB_L1A4_L21024KiB_L2A8 at Wednesday 04 February 2026 08:05:45 AM IST
[Job 104/162] SUCCESS: chunked - L164KiB_L1A16_L21024KiB_L2A4 at Wednesday 04 February 2026 08:07:17 AM IST
[Job 124/162] Started: chunked - L1128KiB_L1A4_L21024KiB_L2A8 at Wednesday 04 February 2026 08:07:17 AM IST
[Job 111/162] SUCCESS: simple - L1128KiB_L1A4_L2256KiB_L2A8 at Wednesday 04 February 2026 08:10:17 AM IST
[Job 125/162] Started: simple - L1128KiB_L1A4_L21024KiB_L2A16 at Wednesday 04 February 2026 08:10:17 AM IST
[Job 108/162] SUCCESS: chunked - L164KiB_L1A16_L21024KiB_L2A16 at Wednesday 04 February 2026 08:17:18 AM IST
[Job 126/162] Started: chunked - L1128KiB_L1A4_L21024KiB_L2A16 at Wednesday 04 February 2026 08:17:18 AM IST
[Job 114/162] SUCCESS: chunked - L1128KiB_L1A4_L2256KiB_L2A16 at Wednesday 04 February 2026 08:22:50 AM IST
[Job 127/162] Started: simple - L1128KiB_L1A8_L2256KiB_L2A4 at Wednesday 04 February 2026 08:22:50 AM IST
[Job 107/162] SUCCESS: simple - L164KiB_L1A16_L21024KiB_L2A16 at Wednesday 04 February 2026 08:24:27 AM IST
[Job 128/162] Started: chunked - L1128KiB_L1A8_L2256KiB_L2A4 at Wednesday 04 February 2026 08:24:27 AM IST
[Job 116/162] SUCCESS: chunked - L1128KiB_L1A4_L2512KiB_L2A4 at Wednesday 04 February 2026 08:29:38 AM IST
[Job 129/162] Started: simple - L1128KiB_L1A8_L2256KiB_L2A8 at Wednesday 04 February 2026 08:29:38 AM IST
[Job 112/162] SUCCESS: chunked - L1128KiB_L1A4_L2256KiB_L2A8 at Wednesday 04 February 2026 08:31:17 AM IST
[Job 130/162] Started: chunked - L1128KiB_L1A8_L2256KiB_L2A8 at Wednesday 04 February 2026 08:31:17 AM IST
[Job 103/162] SUCCESS: simple - L164KiB_L1A16_L21024KiB_L2A4 at Wednesday 04 February 2026 08:32:02 AM IST
[Job 131/162] Started: simple - L1128KiB_L1A8_L2256KiB_L2A16 at Wednesday 04 February 2026 08:32:02 AM IST
[Job 113/162] SUCCESS: simple - L1128KiB_L1A4_L2256KiB_L2A16 at Wednesday 04 February 2026 08:32:45 AM IST
[Job 132/162] Started: chunked - L1128KiB_L1A8_L2256KiB_L2A16 at Wednesday 04 February 2026 08:32:45 AM IST
[Job 119/162] SUCCESS: simple - L1128KiB_L1A4_L2512KiB_L2A16 at Wednesday 04 February 2026 08:33:27 AM IST
[Job 133/162] Started: simple - L1128KiB_L1A8_L2512KiB_L2A4 at Wednesday 04 February 2026 08:33:27 AM IST
[Job 98/162] SUCCESS: chunked - L164KiB_L1A16_L2512KiB_L2A4 at Wednesday 04 February 2026 08:34:09 AM IST
[Job 134/162] Started: chunked - L1128KiB_L1A8_L2512KiB_L2A4 at Wednesday 04 February 2026 08:34:09 AM IST
[Job 118/162] SUCCESS: chunked - L1128KiB_L1A4_L2512KiB_L2A8 at Wednesday 04 February 2026 08:39:41 AM IST
[Job 135/162] Started: simple - L1128KiB_L1A8_L2512KiB_L2A8 at Wednesday 04 February 2026 08:39:41 AM IST
[Job 105/162] SUCCESS: simple - L164KiB_L1A16_L21024KiB_L2A8 at Wednesday 04 February 2026 08:43:15 AM IST
[Job 136/162] Started: chunked - L1128KiB_L1A8_L2512KiB_L2A8 at Wednesday 04 February 2026 08:43:15 AM IST
[Job 123/162] SUCCESS: simple - L1128KiB_L1A4_L21024KiB_L2A8 at Wednesday 04 February 2026 09:02:19 AM IST
[Job 137/162] Started: simple - L1128KiB_L1A8_L2512KiB_L2A16 at Wednesday 04 February 2026 09:02:19 AM IST
[Job 124/162] SUCCESS: chunked - L1128KiB_L1A4_L21024KiB_L2A8 at Wednesday 04 February 2026 09:08:39 AM IST
[Job 138/162] Started: chunked - L1128KiB_L1A8_L2512KiB_L2A16 at Wednesday 04 February 2026 09:08:39 AM IST
[Job 121/162] SUCCESS: simple - L1128KiB_L1A4_L21024KiB_L2A4 at Wednesday 04 February 2026 09:16:18 AM IST
[Job 139/162] Started: simple - L1128KiB_L1A8_L21024KiB_L2A4 at Wednesday 04 February 2026 09:16:18 AM IST
[Job 109/162] SUCCESS: simple - L1128KiB_L1A4_L2256KiB_L2A4 at Wednesday 04 February 2026 09:19:57 AM IST
[Job 140/162] Started: chunked - L1128KiB_L1A8_L21024KiB_L2A4 at Wednesday 04 February 2026 09:19:57 AM IST
[Job 127/162] SUCCESS: simple - L1128KiB_L1A8_L2256KiB_L2A4 at Wednesday 04 February 2026 09:24:51 AM IST
[Job 141/162] Started: simple - L1128KiB_L1A8_L21024KiB_L2A8 at Wednesday 04 February 2026 09:24:51 AM IST
[Job 126/162] SUCCESS: chunked - L1128KiB_L1A4_L21024KiB_L2A16 at Wednesday 04 February 2026 09:25:01 AM IST
[Job 142/162] Started: chunked - L1128KiB_L1A8_L21024KiB_L2A8 at Wednesday 04 February 2026 09:25:01 AM IST
[Job 117/162] SUCCESS: simple - L1128KiB_L1A4_L2512KiB_L2A8 at Wednesday 04 February 2026 09:25:31 AM IST
[Job 143/162] Started: simple - L1128KiB_L1A8_L21024KiB_L2A16 at Wednesday 04 February 2026 09:25:31 AM IST
[Job 134/162] SUCCESS: chunked - L1128KiB_L1A8_L2512KiB_L2A4 at Wednesday 04 February 2026 09:36:50 AM IST
[Job 144/162] Started: chunked - L1128KiB_L1A8_L21024KiB_L2A16 at Wednesday 04 February 2026 09:36:50 AM IST
[Job 120/162] SUCCESS: chunked - L1128KiB_L1A4_L2512KiB_L2A16 at Wednesday 04 February 2026 09:37:24 AM IST
[Job 145/162] Started: simple - L1128KiB_L1A16_L2256KiB_L2A4 at Wednesday 04 February 2026 09:37:24 AM IST
[Job 115/162] SUCCESS: simple - L1128KiB_L1A4_L2512KiB_L2A4 at Wednesday 04 February 2026 09:42:10 AM IST
[Job 146/162] Started: chunked - L1128KiB_L1A16_L2256KiB_L2A4 at Wednesday 04 February 2026 09:42:10 AM IST
[Job 135/162] SUCCESS: simple - L1128KiB_L1A8_L2512KiB_L2A8 at Wednesday 04 February 2026 09:45:27 AM IST
[Job 147/162] Started: simple - L1128KiB_L1A16_L2256KiB_L2A8 at Wednesday 04 February 2026 09:45:27 AM IST
[Job 133/162] SUCCESS: simple - L1128KiB_L1A8_L2512KiB_L2A4 at Wednesday 04 February 2026 09:46:41 AM IST
[Job 148/162] Started: chunked - L1128KiB_L1A16_L2256KiB_L2A8 at Wednesday 04 February 2026 09:46:41 AM IST
[Job 128/162] SUCCESS: chunked - L1128KiB_L1A8_L2256KiB_L2A4 at Wednesday 04 February 2026 09:57:50 AM IST
[Job 149/162] Started: simple - L1128KiB_L1A16_L2256KiB_L2A16 at Wednesday 04 February 2026 09:57:50 AM IST
[Job 137/162] SUCCESS: simple - L1128KiB_L1A8_L2512KiB_L2A16 at Wednesday 04 February 2026 10:04:49 AM IST
[Job 150/162] Started: chunked - L1128KiB_L1A16_L2256KiB_L2A16 at Wednesday 04 February 2026 10:04:49 AM IST
[Job 136/162] SUCCESS: chunked - L1128KiB_L1A8_L2512KiB_L2A8 at Wednesday 04 February 2026 10:10:08 AM IST
[Job 151/162] Started: simple - L1128KiB_L1A16_L2512KiB_L2A4 at Wednesday 04 February 2026 10:10:08 AM IST
[Job 122/162] SUCCESS: chunked - L1128KiB_L1A4_L21024KiB_L2A4 at Wednesday 04 February 2026 10:13:40 AM IST
[Job 152/162] Started: chunked - L1128KiB_L1A16_L2512KiB_L2A4 at Wednesday 04 February 2026 10:13:40 AM IST
[Job 130/162] SUCCESS: chunked - L1128KiB_L1A8_L2256KiB_L2A8 at Wednesday 04 February 2026 10:18:43 AM IST
[Job 153/162] Started: simple - L1128KiB_L1A16_L2512KiB_L2A8 at Wednesday 04 February 2026 10:18:43 AM IST
[Job 132/162] SUCCESS: chunked - L1128KiB_L1A8_L2256KiB_L2A16 at Wednesday 04 February 2026 10:20:22 AM IST
[Job 154/162] Started: chunked - L1128KiB_L1A16_L2512KiB_L2A8 at Wednesday 04 February 2026 10:20:22 AM IST
[Job 138/162] SUCCESS: chunked - L1128KiB_L1A8_L2512KiB_L2A16 at Wednesday 04 February 2026 10:26:01 AM IST
[Job 155/162] Started: simple - L1128KiB_L1A16_L2512KiB_L2A16 at Wednesday 04 February 2026 10:26:01 AM IST
[Job 143/162] SUCCESS: simple - L1128KiB_L1A8_L21024KiB_L2A16 at Wednesday 04 February 2026 10:26:11 AM IST
[Job 156/162] Started: chunked - L1128KiB_L1A16_L2512KiB_L2A16 at Wednesday 04 February 2026 10:26:11 AM IST
[Job 125/162] SUCCESS: simple - L1128KiB_L1A4_L21024KiB_L2A16 at Wednesday 04 February 2026 10:33:14 AM IST
[Job 157/162] Started: simple - L1128KiB_L1A16_L21024KiB_L2A4 at Wednesday 04 February 2026 10:33:14 AM IST
[Job 141/162] SUCCESS: simple - L1128KiB_L1A8_L21024KiB_L2A8 at Wednesday 04 February 2026 10:42:18 AM IST
[Job 158/162] Started: chunked - L1128KiB_L1A16_L21024KiB_L2A4 at Wednesday 04 February 2026 10:42:18 AM IST
[Job 129/162] SUCCESS: simple - L1128KiB_L1A8_L2256KiB_L2A8 at Wednesday 04 February 2026 10:47:55 AM IST
[Job 159/162] Started: simple - L1128KiB_L1A16_L21024KiB_L2A8 at Wednesday 04 February 2026 10:47:55 AM IST
[Job 142/162] SUCCESS: chunked - L1128KiB_L1A8_L21024KiB_L2A8 at Wednesday 04 February 2026 10:48:00 AM IST
[Job 160/162] Started: chunked - L1128KiB_L1A16_L21024KiB_L2A8 at Wednesday 04 February 2026 10:48:00 AM IST
[Job 148/162] SUCCESS: chunked - L1128KiB_L1A16_L2256KiB_L2A8 at Wednesday 04 February 2026 10:50:27 AM IST
[Job 161/162] Started: simple - L1128KiB_L1A16_L21024KiB_L2A16 at Wednesday 04 February 2026 10:50:27 AM IST
[Job 131/162] SUCCESS: simple - L1128KiB_L1A8_L2256KiB_L2A16 at Wednesday 04 February 2026 10:57:03 AM IST
[Job 162/162] Started: chunked - L1128KiB_L1A16_L21024KiB_L2A16 at Wednesday 04 February 2026 10:57:03 AM IST
[Job 146/162] SUCCESS: chunked - L1128KiB_L1A16_L2256KiB_L2A4 at Wednesday 04 February 2026 11:00:07 AM IST
[Job 149/162] SUCCESS: simple - L1128KiB_L1A16_L2256KiB_L2A16 at Wednesday 04 February 2026 11:00:39 AM IST
[Job 145/162] SUCCESS: simple - L1128KiB_L1A16_L2256KiB_L2A4 at Wednesday 04 February 2026 11:14:37 AM IST
[Job 153/162] SUCCESS: simple - L1128KiB_L1A16_L2512KiB_L2A8 at Wednesday 04 February 2026 11:18:09 AM IST
[Job 140/162] SUCCESS: chunked - L1128KiB_L1A8_L21024KiB_L2A4 at Wednesday 04 February 2026 11:24:37 AM IST
[Job 154/162] SUCCESS: chunked - L1128KiB_L1A16_L2512KiB_L2A8 at Wednesday 04 February 2026 11:28:34 AM IST
[Job 156/162] SUCCESS: chunked - L1128KiB_L1A16_L2512KiB_L2A16 at Wednesday 04 February 2026 11:32:15 AM IST
[Job 139/162] SUCCESS: simple - L1128KiB_L1A8_L21024KiB_L2A4 at Wednesday 04 February 2026 11:33:18 AM IST
[Job 150/162] SUCCESS: chunked - L1128KiB_L1A16_L2256KiB_L2A16 at Wednesday 04 February 2026 11:35:13 AM IST
[Job 147/162] SUCCESS: simple - L1128KiB_L1A16_L2256KiB_L2A8 at Wednesday 04 February 2026 11:35:49 AM IST
[Job 155/162] SUCCESS: simple - L1128KiB_L1A16_L2512KiB_L2A16 at Wednesday 04 February 2026 11:39:05 AM IST
[Job 158/162] SUCCESS: chunked - L1128KiB_L1A16_L21024KiB_L2A4 at Wednesday 04 February 2026 11:42:47 AM IST
[Job 152/162] SUCCESS: chunked - L1128KiB_L1A16_L2512KiB_L2A4 at Wednesday 04 February 2026 11:42:59 AM IST
[Job 144/162] SUCCESS: chunked - L1128KiB_L1A8_L21024KiB_L2A16 at Wednesday 04 February 2026 11:44:34 AM IST
[Job 151/162] SUCCESS: simple - L1128KiB_L1A16_L2512KiB_L2A4 at Wednesday 04 February 2026 11:46:07 AM IST
[Job 159/162] SUCCESS: simple - L1128KiB_L1A16_L21024KiB_L2A8 at Wednesday 04 February 2026 11:46:21 AM IST
[Job 160/162] SUCCESS: chunked - L1128KiB_L1A16_L21024KiB_L2A8 at Wednesday 04 February 2026 11:52:28 AM IST
[Job 157/162] SUCCESS: simple - L1128KiB_L1A16_L21024KiB_L2A4 at Wednesday 04 February 2026 11:52:41 AM IST
[Job 162/162] SUCCESS: chunked - L1128KiB_L1A16_L21024KiB_L2A16 at Wednesday 04 February 2026 11:55:02 AM IST
[Job 161/162] SUCCESS: simple - L1128KiB_L1A16_L21024KiB_L2A16 at Wednesday 04 February 2026 12:04:57 PM IST

=====================================
Parallel Cache Sweep Completed: Wednesday 04 February 2026 12:04:57 PM IST
Results saved in: /home/rtx3060/gem5/assignment/results/part2_sweep
Successful simulations: 162 / 162
